ExpansionTraderBoris.BuildingSupplies|4226.53 10.9346 4159.43|65.1857 0.00 -0.00|ConstructionHelmet_White,Jeans_Blue,WorkingBoots_Grey,Shirt_PlaneBlack,ReflexVest,WrokingGloves_Biege,SledgeHammer
ExpansionTraderEva.Medicals|4200.96 14.4135 4124.88|-42.6642 -0.00 0.00|SurgicalGloves_LightBlue,Sneakers_White,MedicalScrubsPants_Blue,LabCoat,SurgicalMask
ExpansionTraderOliver.Attachments|4207.94 11.5255 4156.71|139.284 0.00 -0.00|OMNOGloves_Gray,MilitaryBeret_ChDKZ,JungleBoots_Black,CargoPants_Black,TacticalShirt_Black,UKAssVest_Black
ExpansionTraderLinda.Clothing|4185.95 15.6776 4132.94|147.608 0.00 -0.00|JungleBoots_Olive,MVS_FlatCap_Multicam,MVS_Shirt_BDU_Multicam,MVS_SlingPack_Multicam,MVS_CombatPants_Multicam,MVS_Belt_Multicam
ExpansionTraderDenis.Weapons|4212.49 10.8905 4160.36|162.839 0.00 -0.00|MVS_CombatShirt_Multicam_Black,MVS_CombatPants_Multicam_Black,JungleBoots_Black,BalaclavaMask_Blackskull,OMNOGloves_Brown,Mich2001Helmet,TWP_ASW338
ExpansionTraderPeter.Vehicles|4256.89 9.53993 4118.3|-115.643 -0.00 -0.00|PilotkaCap,CargoPants_Green,CombatBoots_Green,Sweater_Gray,TruckBattery
ExpansionTraderNaomi.Consumables|4209.75 13.1227 4130.08|-41.1223 -0.00 0.00|BaseballCap_Olive,HikingBootsLow_Black,Hoodie_Green,Jeans_Blue
ExpansionTraderRolf.Boats|4406.97 1.55174 4188.32|-104.135 -0.00 -0.00|TelnyashkaShirt,MilitaryBoots_BlueRock,CargoPants_Blue,MilitaryBeret_UN,BookThreeMenInBoat,DryBag_Blue